Add Grade Error at 2026-05-17T07:51:08.586Z: Could not find the 'assignment' column of 'grades' in the schema cache
undefined

Add Grade Error at 2026-05-17T07:52:05.872Z: Could not find the 'assignment' column of 'grades' in the schema cache
undefined

Add Grade Error at 2026-05-17T07:52:43.649Z: Could not find the 'assignment' column of 'grades' in the schema cache
undefined

